<?xml version="1.0" encoding="utf-8"?>
<TestRun id="31a2d940-7732-4a17-a868-b53a7033df77" name="@repl 2026-05-02 22:23:53" xmlns="http://microsoft.com/schemas/VisualStudio/TeamTest/2010">
  <Times creation="2026-05-02T22:23:53.6393482+00:00" queuing="2026-05-02T22:23:53.6393483+00:00" start="2026-05-02T22:23:51.3515328+00:00" finish="2026-05-02T22:24:06.8797084+00:00" />
  <TestSettings name="default" id="37bfd441-89c4-41f4-8dbc-a325fabe68b6">
    <Deployment runDeploymentRoot="_repl_2026-05-02_22_23_53" />
  </TestSettings>
  <Results>
    <UnitTestResult executionId="d16db0c8-fa56-4564-81e0-d6b4393fd26a" testId="9efd36f0-79f5-cb40-d954-9429db5cd6c7" testName="Abs.FixedAssets.Tests.DepreciationServiceTests.Section179_ReducesDepreciableBasis" computerName="repl" duration="00:00:00.0020493" startTime="2026-05-02T22:23:53.5384669+00:00" endTime="2026-05-02T22:23:53.5384670+00:00" testType="13cdc9d9-ddb5-4fa4-a97d-d965ccfc6d4b" outcome="Passed" testListId="8c84fa94-04c1-424b-9868-57a2d4851a1d" relativeResultsDirectory="d16db0c8-fa56-4564-81e0-d6b4393fd26a" />
    <UnitTestResult executionId="6b145399-ba4b-4e54-aaf2-0efdc95e9e28" testId="09cffdf2-ab69-5220-fb15-c1b02b43ca87" testName="Abs.FixedAssets.Tests.CcaBackfillServiceTests.RepeatComputeBalances_ProducesSameClosingUcc" computerName="repl" duration="00:00:00.0557212" startTime="2026-05-02T22:24:01.2584962+00:00" endTime="2026-05-02T22:24:01.2584965+00:00" testType="13cdc9d9-ddb5-4fa4-a97d-d965ccfc6d4b" outcome="Passed" testListId="8c84fa94-04c1-424b-9868-57a2d4851a1d" relativeResultsDirectory="6b145399-ba4b-4e54-aaf2-0efdc95e9e28" />
    <UnitTestResult executionId="05c62102-3b52-4ad2-b418-c502e7b27fae" testId="29947803-58a5-1d79-96eb-87a596e31435" testName="Abs.FixedAssets.Tests.HistoricJournalBackfillServiceTests.Section179AndBonus_UpfrontAmounts_ReconcileToAccumulated" computerName="repl" duration="00:00:00.0300697" startTime="2026-05-02T22:24:02.9470062+00:00" endTime="2026-05-02T22:24:02.9470064+00:00" testType="13cdc9d9-ddb5-4fa4-a97d-d965ccfc6d4b" outcome="Passed" testListId="8c84fa94-04c1-424b-9868-57a2d4851a1d" relativeResultsDirectory="05c62102-3b52-4ad2-b418-c502e7b27fae" />
    <UnitTestResult executionId="89d30c79-b3ca-45e4-ac96-8b20be23468a" testId="8bdd5ae9-11f5-be9d-9bd0-6b795954c713" testName="Abs.FixedAssets.Tests.CcaBackfillServiceTests.Suggester_KnownTypes_ReturnsExpectedClass(assetType: &quot;GRINDER&quot;, year: 2020, expectedClass: 53)" computerName="repl" duration="00:00:00.0000088" startTime="2026-05-02T22:24:01.2629216+00:00" endTime="2026-05-02T22:24:01.2629217+00:00" testType="13cdc9d9-ddb5-4fa4-a97d-d965ccfc6d4b" outcome="Passed" testListId="8c84fa94-04c1-424b-9868-57a2d4851a1d" relativeResultsDirectory="89d30c79-b3ca-45e4-ac96-8b20be23468a" />
    <UnitTestResult executionId="32d28a93-6f52-4d6b-9513-f4f3cd094ce8" testId="50dd79fc-4016-d485-1282-62cc9990540d" testName="Abs.FixedAssets.Tests.CcaBackfillServiceTests.Suggester_CheapTool_GoesToClass12" computerName="repl" duration="00:00:00.0001524" startTime="2026-05-02T22:24:01.4136859+00:00" endTime="2026-05-02T22:24:01.4136860+00:00" testType="13cdc9d9-ddb5-4fa4-a97d-d965ccfc6d4b" outcome="Passed" testListId="8c84fa94-04c1-424b-9868-57a2d4851a1d" relativeResultsDirectory="32d28a93-6f52-4d6b-9513-f4f3cd094ce8" />
    <UnitTestResult executionId="92d77ada-9ded-4414-b6fa-f878c5913937" testId="e8b62f86-c13c-246a-4f92-c1020fd7953e" testName="Abs.FixedAssets.Tests.AssetConcurrencyTests.ETag_RoundTrips_AsBase64FourBytes" computerName="repl" duration="00:00:00.0017525" startTime="2026-05-02T22:24:01.0339436+00:00" endTime="2026-05-02T22:24:01.0339438+00:00" testType="13cdc9d9-ddb5-4fa4-a97d-d965ccfc6d4b" outcome="Passed" testListId="8c84fa94-04c1-424b-9868-57a2d4851a1d" relativeResultsDirectory="92d77ada-9ded-4414-b6fa-f878c5913937" />
    <UnitTestResult executionId="ce24c375-3425-4e91-abb8-6616cc168e24" testId="08ef893b-1b9a-411b-4af6-f0d4c453e26f" testName="Abs.FixedAssets.Tests.DepreciationServiceTests.MACRS_5Year_HasExpectedAnnualPercentages" computerName="repl" duration="00:00:00.0058393" startTime="2026-05-02T22:23:53.5429046+00:00" endTime="2026-05-02T22:23:53.5429046+00:00" testType="13cdc9d9-ddb5-4fa4-a97d-d965ccfc6d4b" outcome="Passed" testListId="8c84fa94-04c1-424b-9868-57a2d4851a1d" relativeResultsDirectory="ce24c375-3425-4e91-abb8-6616cc168e24" />
    <UnitTestResult executionId="ebf67a7f-0034-4f88-83a5-f1ffcfe3eb38" testId="47f45bd5-ce4a-64e3-488c-0aaf9a85f3e5" testName="Abs.FixedAssets.Tests.DepreciationServiceTests.ADS_Method_ThrowsNotImplemented_NotSilentZero" computerName="repl" duration="00:00:00.0130731" startTime="2026-05-02T22:23:53.4092723+00:00" endTime="2026-05-02T22:23:53.4092724+00:00" testType="13cdc9d9-ddb5-4fa4-a97d-d965ccfc6d4b" outcome="Passed" testListId="8c84fa94-04c1-424b-9868-57a2d4851a1d" relativeResultsDirectory="ebf67a7f-0034-4f88-83a5-f1ffcfe3eb38" />
    <UnitTestResult executionId="bf4f6757-01ae-4d60-83c8-a81645837b85" testId="4c5252b9-b9cd-54b8-ad8c-f52a4a1876cc" testName="Abs.FixedAssets.Tests.CcaBackfillServiceTests.Suggester_KnownTypes_ReturnsExpectedClass(assetType: &quot;SOFTWARE&quot;, year: 2024, expectedClass: 12)" computerName="repl" duration="00:00:00.0000048" startTime="2026-05-02T22:24:01.2630345+00:00" endTime="2026-05-02T22:24:01.2630346+00:00" testType="13cdc9d9-ddb5-4fa4-a97d-d965ccfc6d4b" outcome="Passed" testListId="8c84fa94-04c1-424b-9868-57a2d4851a1d" relativeResultsDirectory="bf4f6757-01ae-4d60-83c8-a81645837b85" />
    <UnitTestResult executionId="a108c805-fc2a-47bb-a006-249121ff5307" testId="3632feba-e294-b719-8fdb-8bcb2c28167b" testName="Abs.FixedAssets.Tests.HistoricJournalBackfillServiceTests.RerunningTwice_IsIdempotent_NoDuplicateEntries" computerName="repl" duration="00:00:00.0246996" startTime="2026-05-02T22:24:02.7696959+00:00" endTime="2026-05-02T22:24:02.7696961+00:00" testType="13cdc9d9-ddb5-4fa4-a97d-d965ccfc6d4b" outcome="Passed" testListId="8c84fa94-04c1-424b-9868-57a2d4851a1d" relativeResultsDirectory="a108c805-fc2a-47bb-a006-249121ff5307" />
    <UnitTestResult executionId="157542aa-e6ac-4559-8b9c-862065c59fa9" testId="a239d08b-af1a-ec33-9a0c-a5e9f8468651" testName="Abs.FixedAssets.Tests.DepreciationServiceTests.StraightLine_RespectsSalvageValue" computerName="repl" duration="00:00:00.0485723" startTime="2026-05-02T22:23:53.4012158+00:00" endTime="2026-05-02T22:23:53.4012160+00:00" testType="13cdc9d9-ddb5-4fa4-a97d-d965ccfc6d4b" outcome="Passed" testListId="8c84fa94-04c1-424b-9868-57a2d4851a1d" relativeResultsDirectory="157542aa-e6ac-4559-8b9c-862065c59fa9" />
    <UnitTestResult executionId="001d8566-ece7-40e7-9e6c-b889910e63e7" testId="ec963ab8-fae3-8b86-945f-cc9e58832899" testName="Abs.FixedAssets.Tests.CcaBackfillServiceTests.FirstRun_CreatesAssetTaxSettingsAndOpeningTransaction" computerName="repl" duration="00:00:00.1038095" startTime="2026-05-02T22:24:01.3894745+00:00" endTime="2026-05-02T22:24:01.3894749+00:00" testType="13cdc9d9-ddb5-4fa4-a97d-d965ccfc6d4b" outcome="Passed" testListId="8c84fa94-04c1-424b-9868-57a2d4851a1d" relativeResultsDirectory="001d8566-ece7-40e7-9e6c-b889910e63e7" />
    <UnitTestResult executionId="d40f68af-4260-417f-8c49-5a700bfc367e" testId="e62e8c03-b4b4-d1b5-12d9-26d56b25885e" testName="Abs.FixedAssets.Tests.DepreciationServiceTests.EmptySchedule_WhenInServiceDateAfterAsOfDate" computerName="repl" duration="00:00:00.0011571" startTime="2026-05-02T22:23:53.4026439+00:00" endTime="2026-05-02T22:23:53.4026441+00:00" testType="13cdc9d9-ddb5-4fa4-a97d-d965ccfc6d4b" outcome="Passed" testListId="8c84fa94-04c1-424b-9868-57a2d4851a1d" relativeResultsDirectory="d40f68af-4260-417f-8c49-5a700bfc367e" />
    <UnitTestResult executionId="a604795d-ba13-44a7-8314-62706982af6e" testId="f18e56dd-2b62-65c4-173a-921c8dbbe195" testName="Abs.FixedAssets.Tests.HistoricJournalBackfillServiceTests.PreviewAsync_DoesNotMutateState_AndAvoidsLeakingIntoSubsequentRun" computerName="repl" duration="00:00:00.0290596" startTime="2026-05-02T22:24:02.7987831+00:00" endTime="2026-05-02T22:24:02.7987833+00:00" testType="13cdc9d9-ddb5-4fa4-a97d-d965ccfc6d4b" outcome="Passed" testListId="8c84fa94-04c1-424b-9868-57a2d4851a1d" relativeResultsDirectory="a604795d-ba13-44a7-8314-62706982af6e" />
    <UnitTestResult executionId="e3e1a2d8-ba60-4e58-984f-2e27459b9313" testId="6a7d7aa1-34c8-07d8-1524-be19cfe68a3b" testName="Abs.FixedAssets.Tests.CcaBackfillServiceTests.Suggester_KnownTypes_ReturnsExpectedClass(assetType: &quot;CNC MACHINE&quot;, year: 2010, expectedClass: 29)" computerName="repl" duration="00:00:00.0002314" startTime="2026-05-02T22:24:01.2590754+00:00" endTime="2026-05-02T22:24:01.2590755+00:00" testType="13cdc9d9-ddb5-4fa4-a97d-d965ccfc6d4b" outcome="Passed" testListId="8c84fa94-04c1-424b-9868-57a2d4851a1d" relativeResultsDirectory="e3e1a2d8-ba60-4e58-984f-2e27459b9313" />
    <UnitTestResult executionId="1759b03d-ebdd-413d-9df7-41c80e4fda99" testId="a33ffd88-9182-4638-8022-df29373d73f0" testName="Abs.FixedAssets.Tests.CcaBackfillServiceTests.SecondRun_IsIdempotent_CreatesZeroNewSettings" computerName="repl" duration="00:00:01.3339331" startTime="2026-05-02T22:24:01.2025611+00:00" endTime="2026-05-02T22:24:01.2025615+00:00" testType="13cdc9d9-ddb5-4fa4-a97d-d965ccfc6d4b" outcome="Passed" testListId="8c84fa94-04c1-424b-9868-57a2d4851a1d" relativeResultsDirectory="1759b03d-ebdd-413d-9df7-41c80e4fda99" />
    <UnitTestResult executionId="6498e9d8-3765-45bf-aa52-731d460c3e4c" testId="41a03409-b5e6-6b4d-243f-5c5fc2e7e3d6" testName="Abs.FixedAssets.Tests.DepreciationServiceTests.ZeroCost_ProducesEmptySchedule" computerName="repl" duration="00:00:00.0425933" startTime="2026-05-02T22:23:53.3719921+00:00" endTime="2026-05-02T22:23:53.3781769+00:00" testType="13cdc9d9-ddb5-4fa4-a97d-d965ccfc6d4b" outcome="Passed" testListId="8c84fa94-04c1-424b-9868-57a2d4851a1d" relativeResultsDirectory="6498e9d8-3765-45bf-aa52-731d460c3e4c" />
    <UnitTestResult executionId="c62ab0ce-0088-4cb8-9e7c-810e21f87dce" testId="44789e39-125d-a51a-96e9-2fb6bbf162b8" testName="Abs.FixedAssets.Tests.CcaBackfillServiceTests.Suggester_KnownTypes_ReturnsExpectedClass(assetType: &quot;COMPUTER&quot;, year: 2024, expectedClass: 50)" computerName="repl" duration="00:00:00.0000048" startTime="2026-05-02T22:24:01.2640673+00:00" endTime="2026-05-02T22:24:01.2640675+00:00" testType="13cdc9d9-ddb5-4fa4-a97d-d965ccfc6d4b" outcome="Passed" testListId="8c84fa94-04c1-424b-9868-57a2d4851a1d" relativeResultsDirectory="c62ab0ce-0088-4cb8-9e7c-810e21f87dce" />
    <UnitTestResult executionId="0bed0f36-5e90-4c85-948b-d8c17bb3bd2a" testId="05159e20-54cb-43f4-755d-3b204c8ab0b1" testName="Abs.FixedAssets.Tests.CcaBackfillServiceTests.ZeroCostAsset_IsSkippedWithWarning" computerName="repl" duration="00:00:06.5975066" startTime="2026-05-02T22:23:59.8677686+00:00" endTime="2026-05-02T22:23:59.8677690+00:00" testType="13cdc9d9-ddb5-4fa4-a97d-d965ccfc6d4b" outcome="Passed" testListId="8c84fa94-04c1-424b-9868-57a2d4851a1d" relativeResultsDirectory="0bed0f36-5e90-4c85-948b-d8c17bb3bd2a" />
    <UnitTestResult executionId="72f50959-63f7-4c4d-924d-886485117500" testId="e67671cb-ffea-a398-3921-727871a6a3b3" testName="Abs.FixedAssets.Tests.HistoricJournalBackfillServiceTests.NonFinancialBook_IsAlsoProcessed" computerName="repl" duration="00:00:09.4273791" startTime="2026-05-02T22:24:02.6977162+00:00" endTime="2026-05-02T22:24:02.6977165+00:00" testType="13cdc9d9-ddb5-4fa4-a97d-d965ccfc6d4b" outcome="Passed" testListId="8c84fa94-04c1-424b-9868-57a2d4851a1d" relativeResultsDirectory="72f50959-63f7-4c4d-924d-886485117500" />
    <UnitTestResult executionId="97f27595-ad21-4dff-8fc8-53e65e499a19" testId="343dd623-72a8-e807-b325-b62db6aacbef" testName="Abs.FixedAssets.Tests.HistoricJournalBackfillServiceTests.BookWithoutGlMapping_AbortsEntireSweep_AllOrNothing" computerName="repl" duration="00:00:00.0318845" startTime="2026-05-02T22:24:02.7298812+00:00" endTime="2026-05-02T22:24:02.7298814+00:00" testType="13cdc9d9-ddb5-4fa4-a97d-d965ccfc6d4b" outcome="Passed" testListId="8c84fa94-04c1-424b-9868-57a2d4851a1d" relativeResultsDirectory="97f27595-ad21-4dff-8fc8-53e65e499a19" />
    <UnitTestResult executionId="c61fec32-fe22-45a4-9a20-c50668dac072" testId="317ccf77-e73b-ff9d-62ac-54f5c42117f6" testName="Abs.FixedAssets.Tests.AssetConcurrencyTests.Api_MissingIfMatch_Returns428PreconditionRequired" computerName="repl" duration="00:00:00.0050875" startTime="2026-05-02T22:24:01.0391169+00:00" endTime="2026-05-02T22:24:01.0391170+00:00" testType="13cdc9d9-ddb5-4fa4-a97d-d965ccfc6d4b" outcome="Passed" testListId="8c84fa94-04c1-424b-9868-57a2d4851a1d" relativeResultsDirectory="c61fec32-fe22-45a4-9a20-c50668dac072" />
    <UnitTestResult executionId="ca39a571-cdb6-4fea-adb8-8cd48af9ff30" testId="6cb61330-c7ef-ebc3-a05d-598aefefa46f" testName="Abs.FixedAssets.Tests.DepreciationServiceTests.BonusDepreciation_ReducesDepreciableBasis" computerName="repl" duration="00:00:00.0145922" startTime="2026-05-02T22:23:53.5403530+00:00" endTime="2026-05-02T22:23:53.5403533+00:00" testType="13cdc9d9-ddb5-4fa4-a97d-d965ccfc6d4b" outcome="Passed" testListId="8c84fa94-04c1-424b-9868-57a2d4851a1d" relativeResultsDirectory="ca39a571-cdb6-4fea-adb8-8cd48af9ff30" />
    <UnitTestResult executionId="fce9e26c-60c0-4060-8e09-e57cf8f27fed" testId="8e8e8709-8449-2230-5547-447aa328b904" testName="Abs.FixedAssets.Tests.DepreciationServiceTests.GroupComposite_ThrowsNotImplemented" computerName="repl" duration="00:00:00.0023376" startTime="2026-05-02T22:23:53.5410692+00:00" endTime="2026-05-02T22:23:53.5410693+00:00" testType="13cdc9d9-ddb5-4fa4-a97d-d965ccfc6d4b" outcome="Passed" testListId="8c84fa94-04c1-424b-9868-57a2d4851a1d" relativeResultsDirectory="fce9e26c-60c0-4060-8e09-e57cf8f27fed" />
    <UnitTestResult executionId="a6cd2a34-d88c-465c-971c-c5852b80a671" testId="9ebc4de6-d84d-3cf0-fe96-6ec15357bba2" testName="Abs.FixedAssets.Tests.HistoricJournalBackfillServiceTests.PreviewAsync_SurfacesMissingGlMappingPerBook_WithoutAborting" computerName="repl" duration="00:00:00.0037273" startTime="2026-05-02T22:24:02.8773176+00:00" endTime="2026-05-02T22:24:02.8773178+00:00" testType="13cdc9d9-ddb5-4fa4-a97d-d965ccfc6d4b" outcome="Passed" testListId="8c84fa94-04c1-424b-9868-57a2d4851a1d" relativeResultsDirectory="a6cd2a34-d88c-465c-971c-c5852b80a671" />
    <UnitTestResult executionId="f12370df-809f-400d-8f67-4281e741c143" testId="7fe3e064-ca47-e7b4-217a-617fee7ec62b" testName="Abs.FixedAssets.Tests.CcaBackfillServiceTests.Class53_FirstYear_AppliesAIIWithoutHalfYearAdjustment" computerName="repl" duration="00:00:00.0227074" startTime="2026-05-02T22:24:01.4125106+00:00" endTime="2026-05-02T22:24:01.4125110+00:00" testType="13cdc9d9-ddb5-4fa4-a97d-d965ccfc6d4b" outcome="Passed" testListId="8c84fa94-04c1-424b-9868-57a2d4851a1d" relativeResultsDirectory="f12370df-809f-400d-8f67-4281e741c143" />
    <UnitTestResult executionId="1b400969-68dc-479f-9164-66b742cdf72d" testId="5e735b19-bfd8-f1bf-5ded-1bb18d8af313" testName="Abs.FixedAssets.Tests.DepreciationServiceTests.StraightLine_FullLife_DepreciatesEntireBasisToSalvage" computerName="repl" duration="00:00:00.0239410" startTime="2026-05-02T22:23:53.4028727+00:00" endTime="2026-05-02T22:23:53.4028728+00:00" testType="13cdc9d9-ddb5-4fa4-a97d-d965ccfc6d4b" outcome="Passed" testListId="8c84fa94-04c1-424b-9868-57a2d4851a1d" relativeResultsDirectory="1b400969-68dc-479f-9164-66b742cdf72d" />
    <UnitTestResult executionId="265a5ca3-e5db-46ec-a536-9f43f9065656" testId="9cbbb117-1789-a9e6-fea3-bc4c750b0048" testName="Abs.FixedAssets.Tests.CcaBackfillServiceTests.Suggester_KnownTypes_ReturnsExpectedClass(assetType: &quot;BUILDING&quot;, year: 2024, expectedClass: 1)" computerName="repl" duration="00:00:00.0000125" startTime="2026-05-02T22:24:01.2597113+00:00" endTime="2026-05-02T22:24:01.2597113+00:00" testType="13cdc9d9-ddb5-4fa4-a97d-d965ccfc6d4b" outcome="Passed" testListId="8c84fa94-04c1-424b-9868-57a2d4851a1d" relativeResultsDirectory="265a5ca3-e5db-46ec-a536-9f43f9065656" />
    <UnitTestResult executionId="6587f227-ee73-4236-bdb4-002d80b646c1" testId="09b5029a-2e1c-4c74-d38d-5445865119a6" testName="Abs.FixedAssets.Tests.CcaBackfillServiceTests.Suggester_KnownTypes_ReturnsExpectedClass(assetType: &quot;UNSPECIFIED&quot;, year: 2024, expectedClass: 8)" computerName="repl" duration="00:00:00.0000085" startTime="2026-05-02T22:24:01.2642254+00:00" endTime="2026-05-02T22:24:01.2642262+00:00" testType="13cdc9d9-ddb5-4fa4-a97d-d965ccfc6d4b" outcome="Passed" testListId="8c84fa94-04c1-424b-9868-57a2d4851a1d" relativeResultsDirectory="6587f227-ee73-4236-bdb4-002d80b646c1" />
    <UnitTestResult executionId="5581ecbb-7d80-4712-85c0-1eef85cf4618" testId="b15329b5-3ae0-8bee-a7c3-ea5863cc429d" testName="Abs.FixedAssets.Tests.HistoricJournalBackfillServiceTests.InheritedBookSettings_NullOverrides_StillReconcilesToAccumulated" computerName="repl" duration="00:00:00.0155695" startTime="2026-05-02T22:24:02.8146367+00:00" endTime="2026-05-02T22:24:02.8146369+00:00" testType="13cdc9d9-ddb5-4fa4-a97d-d965ccfc6d4b" outcome="Passed" testListId="8c84fa94-04c1-424b-9868-57a2d4851a1d" relativeResultsDirectory="5581ecbb-7d80-4712-85c0-1eef85cf4618" />
    <UnitTestResult executionId="1decee8b-d3db-4296-81ab-3cd897dc758d" testId="d36f4db8-4021-4feb-294c-9fe335294fcb" testName="Abs.FixedAssets.Tests.AssetConcurrencyTests.WebEditPage_StalePost_RendersConflictBannerAndPreservesUserEdits" computerName="repl" duration="00:00:00.3875597" startTime="2026-05-02T22:24:01.4268706+00:00" endTime="2026-05-02T22:24:01.4268709+00:00" testType="13cdc9d9-ddb5-4fa4-a97d-d965ccfc6d4b" outcome="Passed" testListId="8c84fa94-04c1-424b-9868-57a2d4851a1d" relativeResultsDirectory="1decee8b-d3db-4296-81ab-3cd897dc758d" />
    <UnitTestResult executionId="51b1ca76-e30b-4e95-826c-e22004a426e3" testId="a1137cc4-c93d-fce2-3775-d611aefc6814" testName="Abs.FixedAssets.Tests.CcaBackfillServiceTests.Suggester_KnownTypes_ReturnsExpectedClass(assetType: &quot;PARKING LOT&quot;, year: 2024, expectedClass: 17)" computerName="repl" duration="00:00:00.0000028" startTime="2026-05-02T22:24:01.2649506+00:00" endTime="2026-05-02T22:24:01.2649507+00:00" testType="13cdc9d9-ddb5-4fa4-a97d-d965ccfc6d4b" outcome="Passed" testListId="8c84fa94-04c1-424b-9868-57a2d4851a1d" relativeResultsDirectory="51b1ca76-e30b-4e95-826c-e22004a426e3" />
    <UnitTestResult executionId="1f6ed77a-e63e-4784-bb4d-861179244362" testId="fa3d513e-5a13-d73a-5b65-4c4d8514a885" testName="Abs.FixedAssets.Tests.AssetConcurrencyTests.Api_StaleIfMatch_Returns409_WithErrorAndCurrentShape" computerName="repl" duration="00:00:07.7613692" startTime="2026-05-02T22:24:01.0323394+00:00" endTime="2026-05-02T22:24:01.0323400+00:00" testType="13cdc9d9-ddb5-4fa4-a97d-d965ccfc6d4b" outcome="Passed" testListId="8c84fa94-04c1-424b-9868-57a2d4851a1d" relativeResultsDirectory="1f6ed77a-e63e-4784-bb4d-861179244362" />
    <UnitTestResult executionId="e9d28ce6-1124-44ac-82ba-022436e0c573" testId="4415754d-45c9-06ff-9a28-b9558e80e630" testName="Abs.FixedAssets.Tests.CcaBackfillServiceTests.Suggester_ExpensiveTool_FallsBackToClass8" computerName="repl" duration="00:00:00.0001745" startTime="2026-05-02T22:24:01.4128735+00:00" endTime="2026-05-02T22:24:01.4128736+00:00" testType="13cdc9d9-ddb5-4fa4-a97d-d965ccfc6d4b" outcome="Passed" testListId="8c84fa94-04c1-424b-9868-57a2d4851a1d" relativeResultsDirectory="e9d28ce6-1124-44ac-82ba-022436e0c573" />
    <UnitTestResult executionId="cd662893-f22d-4687-9f1c-7aecbc8094d4" testId="6dea3878-9f77-546c-f0e3-1dc3ff7d43f2" testName="Abs.FixedAssets.Tests.HistoricJournalBackfillServiceTests.DriftBetweenStampedAccAndEngine_EmitsWarning_PostsEngineAmount" computerName="repl" duration="00:00:00.0333678" startTime="2026-05-02T22:24:02.8483107+00:00" endTime="2026-05-02T22:24:02.8483119+00:00" testType="13cdc9d9-ddb5-4fa4-a97d-d965ccfc6d4b" outcome="Passed" testListId="8c84fa94-04c1-424b-9868-57a2d4851a1d" relativeResultsDirectory="cd662893-f22d-4687-9f1c-7aecbc8094d4" />
    <UnitTestResult executionId="21c2cbb9-b902-4c22-8c72-fb42acc975b0" testId="03e94b10-07e1-000b-fb25-08eabf6aa628" testName="Abs.FixedAssets.Tests.HistoricJournalBackfillServiceTests.UnsupportedMethod_SkipsAssetWithWarning_SweepContinues" computerName="repl" duration="00:00:00.0156688" startTime="2026-05-02T22:24:02.9950964+00:00" endTime="2026-05-02T22:24:02.9950965+00:00" testType="13cdc9d9-ddb5-4fa4-a97d-d965ccfc6d4b" outcome="Passed" testListId="8c84fa94-04c1-424b-9868-57a2d4851a1d" relativeResultsDirectory="21c2cbb9-b902-4c22-8c72-fb42acc975b0" />
    <UnitTestResult executionId="503ac58a-a7a7-4bc2-b397-3ed07024c599" testId="cd0951a3-fac7-1ec6-770c-50c2d8fe17c9" testName="Abs.FixedAssets.Tests.CcaBackfillServiceTests.Suggester_KnownTypes_ReturnsExpectedClass(assetType: &quot;&quot;, year: 2024, expectedClass: 8)" computerName="repl" duration="00:00:00.0000051" startTime="2026-05-02T22:24:01.2632929+00:00" endTime="2026-05-02T22:24:01.2632930+00:00" testType="13cdc9d9-ddb5-4fa4-a97d-d965ccfc6d4b" outcome="Passed" testListId="8c84fa94-04c1-424b-9868-57a2d4851a1d" relativeResultsDirectory="503ac58a-a7a7-4bc2-b397-3ed07024c599" />
    <UnitTestResult executionId="d4def07d-7c3b-465a-abf5-50fd54497387" testId="2618bc20-d303-3448-b286-36f17ebb3c8a" testName="Abs.FixedAssets.Tests.DepreciationServiceTests.ZeroLife_ProducesEmptySchedule" computerName="repl" duration="00:00:00.0016634" startTime="2026-05-02T22:23:53.5414470+00:00" endTime="2026-05-02T22:23:53.5414471+00:00" testType="13cdc9d9-ddb5-4fa4-a97d-d965ccfc6d4b" outcome="Passed" testListId="8c84fa94-04c1-424b-9868-57a2d4851a1d" relativeResultsDirectory="d4def07d-7c3b-465a-abf5-50fd54497387" />
    <UnitTestResult executionId="36d83544-45de-44a3-b483-3e6afbcb3f05" testId="787c3e16-b56e-d7c7-39d5-428d013c64c6" testName="Abs.FixedAssets.Tests.AssetConcurrencyTests.Postgres_TwoSimultaneousEdits_SecondSaveThrowsDbUpdateConcurrencyException" computerName="repl" duration="00:00:05.2129310" startTime="2026-05-02T22:24:06.6511108+00:00" endTime="2026-05-02T22:24:06.6511110+00:00" testType="13cdc9d9-ddb5-4fa4-a97d-d965ccfc6d4b" outcome="Passed" testListId="8c84fa94-04c1-424b-9868-57a2d4851a1d" relativeResultsDirectory="36d83544-45de-44a3-b483-3e6afbcb3f05" />
    <UnitTestResult executionId="d54a1697-d716-4063-a662-1d32d1bbcc49" testId="672acb34-8037-318a-67a0-b9761254b10e" testName="Abs.FixedAssets.Tests.CcaBackfillServiceTests.Suggester_KnownTypes_ReturnsExpectedClass(assetType: &quot;CNC MACHINE&quot;, year: 2024, expectedClass: 53)" computerName="repl" duration="00:00:00.0000083" startTime="2026-05-02T22:24:01.2626215+00:00" endTime="2026-05-02T22:24:01.2626217+00:00" testType="13cdc9d9-ddb5-4fa4-a97d-d965ccfc6d4b" outcome="Passed" testListId="8c84fa94-04c1-424b-9868-57a2d4851a1d" relativeResultsDirectory="d54a1697-d716-4063-a662-1d32d1bbcc49" />
    <UnitTestResult executionId="729c26f8-c4d5-401a-972d-c7df4182640d" testId="4af3d08a-31f4-1156-e526-3c831c5f76b5" testName="Abs.FixedAssets.Tests.CcaBackfillServiceTests.Suggester_KnownTypes_ReturnsExpectedClass(assetType: &quot;OFFICE FURNITURE&quot;, year: 2024, expectedClass: 8)" computerName="repl" duration="00:00:00.0002762" startTime="2026-05-02T22:24:01.2596080+00:00" endTime="2026-05-02T22:24:01.2596081+00:00" testType="13cdc9d9-ddb5-4fa4-a97d-d965ccfc6d4b" outcome="Passed" testListId="8c84fa94-04c1-424b-9868-57a2d4851a1d" relativeResultsDirectory="729c26f8-c4d5-401a-972d-c7df4182640d" />
    <UnitTestResult executionId="9c2ec547-90bb-43fa-b33d-7050a389d312" testId="040f684c-558e-d464-5428-3f4fcfe1e24c" testName="Abs.FixedAssets.Tests.DepreciationServiceTests.DoubleDecliningBalance_5Year_FrontLoadsDepreciation" computerName="repl" duration="00:00:00.0129882" startTime="2026-05-02T22:23:53.4231121+00:00" endTime="2026-05-02T22:23:53.4231123+00:00" testType="13cdc9d9-ddb5-4fa4-a97d-d965ccfc6d4b" outcome="Passed" testListId="8c84fa94-04c1-424b-9868-57a2d4851a1d" relativeResultsDirectory="9c2ec547-90bb-43fa-b33d-7050a389d312" />
    <UnitTestResult executionId="61f59e05-ead6-4e3a-8046-78d26e34e44c" testId="a1530178-ebb8-411d-86df-19fe21aeb740" testName="Abs.FixedAssets.Tests.DepreciationServiceTests.CCA_Method_ThrowsClearError_NotSilentZero" computerName="repl" duration="00:00:00.0004298" startTime="2026-05-02T22:23:53.5416401+00:00" endTime="2026-05-02T22:23:53.5416406+00:00" testType="13cdc9d9-ddb5-4fa4-a97d-d965ccfc6d4b" outcome="Passed" testListId="8c84fa94-04c1-424b-9868-57a2d4851a1d" relativeResultsDirectory="61f59e05-ead6-4e3a-8046-78d26e34e44c" />
    <UnitTestResult executionId="6361ce91-c9fe-4b0c-a7bf-c0f9277683be" testId="ec771bfb-41b7-b2d8-7c30-446ad732c23b" testName="Abs.FixedAssets.Tests.HistoricJournalBackfillServiceTests.PreviewMode_DoesNotPersist" computerName="repl" duration="00:00:00.0060698" startTime="2026-05-02T22:24:02.9168138+00:00" endTime="2026-05-02T22:24:02.9168140+00:00" testType="13cdc9d9-ddb5-4fa4-a97d-d965ccfc6d4b" outcome="Passed" testListId="8c84fa94-04c1-424b-9868-57a2d4851a1d" relativeResultsDirectory="6361ce91-c9fe-4b0c-a7bf-c0f9277683be" />
    <UnitTestResult executionId="53e6ad8b-fff0-42a8-85fb-1f33dcd08b0f" testId="b4c08935-13e7-54c0-93a8-b2f4685326ae" testName="Abs.FixedAssets.Tests.DepreciationServiceTests.HalfYearConvention_FirstAndLastMonthAreHalf" computerName="repl" duration="00:00:00.0058889" startTime="2026-05-02T22:23:53.5417735+00:00" endTime="2026-05-02T22:23:53.5417736+00:00" testType="13cdc9d9-ddb5-4fa4-a97d-d965ccfc6d4b" outcome="Passed" testListId="8c84fa94-04c1-424b-9868-57a2d4851a1d" relativeResultsDirectory="53e6ad8b-fff0-42a8-85fb-1f33dcd08b0f" />
    <UnitTestResult executionId="c57ea3da-5104-49df-a077-2c062397baff" testId="e0102e2c-1385-d491-328e-c3cbbc520ebb" testName="Abs.FixedAssets.Tests.HistoricJournalBackfillServiceTests.PreExistingNonDepJournal_IsSkipped_NoDuplicatePosting" computerName="repl" duration="00:00:00.0320705" startTime="2026-05-02T22:24:02.9792307+00:00" endTime="2026-05-02T22:24:02.9792309+00:00" testType="13cdc9d9-ddb5-4fa4-a97d-d965ccfc6d4b" outcome="Passed" testListId="8c84fa94-04c1-424b-9868-57a2d4851a1d" relativeResultsDirectory="c57ea3da-5104-49df-a077-2c062397baff" />
    <UnitTestResult executionId="96bd6100-6c90-4195-80fa-c175347746aa" testId="fce0451d-c37f-9dd3-f69c-49018b1c6ec7" testName="Abs.FixedAssets.Tests.CcaBackfillServiceTests.AdminOverride_BeatsSuggestion" computerName="repl" duration="00:00:00.0252211" startTime="2026-05-02T22:24:01.2852929+00:00" endTime="2026-05-02T22:24:01.2852934+00:00" testType="13cdc9d9-ddb5-4fa4-a97d-d965ccfc6d4b" outcome="Passed" testListId="8c84fa94-04c1-424b-9868-57a2d4851a1d" relativeResultsDirectory="96bd6100-6c90-4195-80fa-c175347746aa" />
    <UnitTestResult executionId="77834074-72a0-4e24-9519-e651b2ebf457" testId="1074b78b-3cff-9fea-2a8a-bfaf81bd7409" testName="Abs.FixedAssets.Tests.CcaBackfillServiceTests.Suggester_KnownTypes_ReturnsExpectedClass(assetType: &quot;FORKLIFT&quot;, year: 2024, expectedClass: 10)" computerName="repl" duration="00:00:00.0000046" startTime="2026-05-02T22:24:01.2644864+00:00" endTime="2026-05-02T22:24:01.2644865+00:00" testType="13cdc9d9-ddb5-4fa4-a97d-d965ccfc6d4b" outcome="Passed" testListId="8c84fa94-04c1-424b-9868-57a2d4851a1d" relativeResultsDirectory="77834074-72a0-4e24-9519-e651b2ebf457" />
    <UnitTestResult executionId="04214594-86a0-4552-ba65-d85497196eeb" testId="ab5f9a89-c27d-5352-b46e-f4f0cacff911" testName="Abs.FixedAssets.Tests.HistoricJournalBackfillServiceTests.TotalDebits_ReconcileToAssetBookSettings_AccumulatedDepreciation" computerName="repl" duration="00:00:00.0146635" startTime="2026-05-02T22:24:02.7447648+00:00" endTime="2026-05-02T22:24:02.7447651+00:00" testType="13cdc9d9-ddb5-4fa4-a97d-d965ccfc6d4b" outcome="Passed" testListId="8c84fa94-04c1-424b-9868-57a2d4851a1d" relativeResultsDirectory="04214594-86a0-4552-ba65-d85497196eeb" />
    <UnitTestResult executionId="853f2874-b4d9-4b17-b1ae-2f23a0ea9485" testId="ff49d4e2-02c7-ef8d-95e5-66352d31f879" testName="Abs.FixedAssets.Tests.AssetConcurrencyTests.TwoSimultaneousEdits_SecondPostIsRejectedAsConcurrencyConflict" computerName="repl" duration="00:00:00.0507136" startTime="2026-05-02T22:24:06.7051466+00:00" endTime="2026-05-02T22:24:06.7051467+00:00" testType="13cdc9d9-ddb5-4fa4-a97d-d965ccfc6d4b" outcome="Passed" testListId="8c84fa94-04c1-424b-9868-57a2d4851a1d" relativeResultsDirectory="853f2874-b4d9-4b17-b1ae-2f23a0ea9485" />
    <UnitTestResult executionId="289da522-f809-495d-b888-29f4db5ac5fa" testId="a26d7989-22ad-10b4-3fab-dc054e250472" testName="Abs.FixedAssets.Tests.HistoricJournalBackfillServiceTests.GlAccountFallback_UsesBookGlAccountDepExp_WhenBookGlAccountRowMissing" computerName="repl" duration="00:00:00.0248060" startTime="2026-05-02T22:24:02.8733589+00:00" endTime="2026-05-02T22:24:02.8733591+00:00" testType="13cdc9d9-ddb5-4fa4-a97d-d965ccfc6d4b" outcome="Passed" testListId="8c84fa94-04c1-424b-9868-57a2d4851a1d" relativeResultsDirectory="289da522-f809-495d-b888-29f4db5ac5fa" />
    <UnitTestResult executionId="5eb806bd-7987-487e-883a-0cdd6256bbd5" testId="eaabc19f-0dbb-52a9-831c-23229bac2469" testName="Abs.FixedAssets.Tests.HistoricJournalBackfillServiceTests.FirstRun_CreatesOneEntryPerMonthPerBook_AndIsBalanced" computerName="repl" duration="00:00:00.0329969" startTime="2026-05-02T22:24:02.9105287+00:00" endTime="2026-05-02T22:24:02.9105288+00:00" testType="13cdc9d9-ddb5-4fa4-a97d-d965ccfc6d4b" outcome="Passed" testListId="8c84fa94-04c1-424b-9868-57a2d4851a1d" relativeResultsDirectory="5eb806bd-7987-487e-883a-0cdd6256bbd5" />
  </Results>
  <TestDefinitions>
    <UnitTest name="Abs.FixedAssets.Tests.AssetConcurrencyTests.TwoSimultaneousEdits_SecondPostIsRejectedAsConcurrencyConflict" storage="/home/runner/workspace/tests/abs.fixedassets.tests/bin/debug/net9.0/abs.fixedassets.tests.dll" id="ff49d4e2-02c7-ef8d-95e5-66352d31f879">
      <Execution id="853f2874-b4d9-4b17-b1ae-2f23a0ea9485" />
      <TestMethod codeBase="/home/runner/workspace/tests/Abs.FixedAssets.Tests/bin/Debug/net9.0/Abs.FixedAssets.Tests.dll" adapterTypeName="executor://xunit/VsTestRunner2/netcoreapp" className="Abs.FixedAssets.Tests.AssetConcurrencyTests" name="TwoSimultaneousEdits_SecondPostIsRejectedAsConcurrencyConflict" />
    </UnitTest>
    <UnitTest name="Abs.FixedAssets.Tests.HistoricJournalBackfillServiceTests.PreExistingNonDepJournal_IsSkipped_NoDuplicatePosting" storage="/home/runner/workspace/tests/abs.fixedassets.tests/bin/debug/net9.0/abs.fixedassets.tests.dll" id="e0102e2c-1385-d491-328e-c3cbbc520ebb">
      <Execution id="c57ea3da-5104-49df-a077-2c062397baff" />
      <TestMethod codeBase="/home/runner/workspace/tests/Abs.FixedAssets.Tests/bin/Debug/net9.0/Abs.FixedAssets.Tests.dll" adapterTypeName="executor://xunit/VsTestRunner2/netcoreapp" className="Abs.FixedAssets.Tests.HistoricJournalBackfillServiceTests" name="PreExistingNonDepJournal_IsSkipped_NoDuplicatePosting" />
    </UnitTest>
    <UnitTest name="Abs.FixedAssets.Tests.CcaBackfillServiceTests.Suggester_KnownTypes_ReturnsExpectedClass(assetType: &quot;PARKING LOT&quot;, year: 2024, expectedClass: 17)" storage="/home/runner/workspace/tests/abs.fixedassets.tests/bin/debug/net9.0/abs.fixedassets.tests.dll" id="a1137cc4-c93d-fce2-3775-d611aefc6814">
      <Execution id="51b1ca76-e30b-4e95-826c-e22004a426e3" />
      <TestMethod codeBase="/home/runner/workspace/tests/Abs.FixedAssets.Tests/bin/Debug/net9.0/Abs.FixedAssets.Tests.dll" adapterTypeName="executor://xunit/VsTestRunner2/netcoreapp" className="Abs.FixedAssets.Tests.CcaBackfillServiceTests" name="Suggester_KnownTypes_ReturnsExpectedClass" />
    </UnitTest>
    <UnitTest name="Abs.FixedAssets.Tests.CcaBackfillServiceTests.Suggester_KnownTypes_ReturnsExpectedClass(assetType: &quot;GRINDER&quot;, year: 2020, expectedClass: 53)" storage="/home/runner/workspace/tests/abs.fixedassets.tests/bin/debug/net9.0/abs.fixedassets.tests.dll" id="8bdd5ae9-11f5-be9d-9bd0-6b795954c713">
      <Execution id="89d30c79-b3ca-45e4-ac96-8b20be23468a" />
      <TestMethod codeBase="/home/runner/workspace/tests/Abs.FixedAssets.Tests/bin/Debug/net9.0/Abs.FixedAssets.Tests.dll" adapterTypeName="executor://xunit/VsTestRunner2/netcoreapp" className="Abs.FixedAssets.Tests.CcaBackfillServiceTests" name="Suggester_KnownTypes_ReturnsExpectedClass" />
    </UnitTest>
    <UnitTest name="Abs.FixedAssets.Tests.DepreciationServiceTests.HalfYearConvention_FirstAndLastMonthAreHalf" storage="/home/runner/workspace/tests/abs.fixedassets.tests/bin/debug/net9.0/abs.fixedassets.tests.dll" id="b4c08935-13e7-54c0-93a8-b2f4685326ae">
      <Execution id="53e6ad8b-fff0-42a8-85fb-1f33dcd08b0f" />
      <TestMethod codeBase="/home/runner/workspace/tests/Abs.FixedAssets.Tests/bin/Debug/net9.0/Abs.FixedAssets.Tests.dll" adapterTypeName="executor://xunit/VsTestRunner2/netcoreapp" className="Abs.FixedAssets.Tests.DepreciationServiceTests" name="HalfYearConvention_FirstAndLastMonthAreHalf" />
    </UnitTest>
    <UnitTest name="Abs.FixedAssets.Tests.HistoricJournalBackfillServiceTests.FirstRun_CreatesOneEntryPerMonthPerBook_AndIsBalanced" storage="/home/runner/workspace/tests/abs.fixedassets.tests/bin/debug/net9.0/abs.fixedassets.tests.dll" id="eaabc19f-0dbb-52a9-831c-23229bac2469">
      <Execution id="5eb806bd-7987-487e-883a-0cdd6256bbd5" />
      <TestMethod codeBase="/home/runner/workspace/tests/Abs.FixedAssets.Tests/bin/Debug/net9.0/Abs.FixedAssets.Tests.dll" adapterTypeName="executor://xunit/VsTestRunner2/netcoreapp" className="Abs.FixedAssets.Tests.HistoricJournalBackfillServiceTests" name="FirstRun_CreatesOneEntryPerMonthPerBook_AndIsBalanced" />
    </UnitTest>
    <UnitTest name="Abs.FixedAssets.Tests.HistoricJournalBackfillServiceTests.PreviewAsync_DoesNotMutateState_AndAvoidsLeakingIntoSubsequentRun" storage="/home/runner/workspace/tests/abs.fixedassets.tests/bin/debug/net9.0/abs.fixedassets.tests.dll" id="f18e56dd-2b62-65c4-173a-921c8dbbe195">
      <Execution id="a604795d-ba13-44a7-8314-62706982af6e" />
      <TestMethod codeBase="/home/runner/workspace/tests/Abs.FixedAssets.Tests/bin/Debug/net9.0/Abs.FixedAssets.Tests.dll" adapterTypeName="executor://xunit/VsTestRunner2/netcoreapp" className="Abs.FixedAssets.Tests.HistoricJournalBackfillServiceTests" name="PreviewAsync_DoesNotMutateState_AndAvoidsLeakingIntoSubsequentRun" />
    </UnitTest>
    <UnitTest name="Abs.FixedAssets.Tests.CcaBackfillServiceTests.SecondRun_IsIdempotent_CreatesZeroNewSettings" storage="/home/runner/workspace/tests/abs.fixedassets.tests/bin/debug/net9.0/abs.fixedassets.tests.dll" id="a33ffd88-9182-4638-8022-df29373d73f0">
      <Execution id="1759b03d-ebdd-413d-9df7-41c80e4fda99" />
      <TestMethod codeBase="/home/runner/workspace/tests/Abs.FixedAssets.Tests/bin/Debug/net9.0/Abs.FixedAssets.Tests.dll" adapterTypeName="executor://xunit/VsTestRunner2/netcoreapp" className="Abs.FixedAssets.Tests.CcaBackfillServiceTests" name="SecondRun_IsIdempotent_CreatesZeroNewSettings" />
    </UnitTest>
    <UnitTest name="Abs.FixedAssets.Tests.HistoricJournalBackfillServiceTests.NonFinancialBook_IsAlsoProcessed" storage="/home/runner/workspace/tests/abs.fixedassets.tests/bin/debug/net9.0/abs.fixedassets.tests.dll" id="e67671cb-ffea-a398-3921-727871a6a3b3">
      <Execution id="72f50959-63f7-4c4d-924d-886485117500" />
      <TestMethod codeBase="/home/runner/workspace/tests/Abs.FixedAssets.Tests/bin/Debug/net9.0/Abs.FixedAssets.Tests.dll" adapterTypeName="executor://xunit/VsTestRunner2/netcoreapp" className="Abs.FixedAssets.Tests.HistoricJournalBackfillServiceTests" name="NonFinancialBook_IsAlsoProcessed" />
    </UnitTest>
    <UnitTest name="Abs.FixedAssets.Tests.CcaBackfillServiceTests.Suggester_KnownTypes_ReturnsExpectedClass(assetType: &quot;SOFTWARE&quot;, year: 2024, expectedClass: 12)" storage="/home/runner/workspace/tests/abs.fixedassets.tests/bin/debug/net9.0/abs.fixedassets.tests.dll" id="4c5252b9-b9cd-54b8-ad8c-f52a4a1876cc">
      <Execution id="bf4f6757-01ae-4d60-83c8-a81645837b85" />
      <TestMethod codeBase="/home/runner/workspace/tests/Abs.FixedAssets.Tests/bin/Debug/net9.0/Abs.FixedAssets.Tests.dll" adapterTypeName="executor://xunit/VsTestRunner2/netcoreapp" className="Abs.FixedAssets.Tests.CcaBackfillServiceTests" name="Suggester_KnownTypes_ReturnsExpectedClass" />
    </UnitTest>
    <UnitTest name="Abs.FixedAssets.Tests.HistoricJournalBackfillServiceTests.PreviewMode_DoesNotPersist" storage="/home/runner/workspace/tests/abs.fixedassets.tests/bin/debug/net9.0/abs.fixedassets.tests.dll" id="ec771bfb-41b7-b2d8-7c30-446ad732c23b">
      <Execution id="6361ce91-c9fe-4b0c-a7bf-c0f9277683be" />
      <TestMethod codeBase="/home/runner/workspace/tests/Abs.FixedAssets.Tests/bin/Debug/net9.0/Abs.FixedAssets.Tests.dll" adapterTypeName="executor://xunit/VsTestRunner2/netcoreapp" className="Abs.FixedAssets.Tests.HistoricJournalBackfillServiceTests" name="PreviewMode_DoesNotPersist" />
    </UnitTest>
    <UnitTest name="Abs.FixedAssets.Tests.HistoricJournalBackfillServiceTests.BookWithoutGlMapping_AbortsEntireSweep_AllOrNothing" storage="/home/runner/workspace/tests/abs.fixedassets.tests/bin/debug/net9.0/abs.fixedassets.tests.dll" id="343dd623-72a8-e807-b325-b62db6aacbef">
      <Execution id="97f27595-ad21-4dff-8fc8-53e65e499a19" />
      <TestMethod codeBase="/home/runner/workspace/tests/Abs.FixedAssets.Tests/bin/Debug/net9.0/Abs.FixedAssets.Tests.dll" adapterTypeName="executor://xunit/VsTestRunner2/netcoreapp" className="Abs.FixedAssets.Tests.HistoricJournalBackfillServiceTests" name="BookWithoutGlMapping_AbortsEntireSweep_AllOrNothing" />
    </UnitTest>
    <UnitTest name="Abs.FixedAssets.Tests.CcaBackfillServiceTests.Suggester_KnownTypes_ReturnsExpectedClass(assetType: &quot;COMPUTER&quot;, year: 2024, expectedClass: 50)" storage="/home/runner/workspace/tests/abs.fixedassets.tests/bin/debug/net9.0/abs.fixedassets.tests.dll" id="44789e39-125d-a51a-96e9-2fb6bbf162b8">
      <Execution id="c62ab0ce-0088-4cb8-9e7c-810e21f87dce" />
      <TestMethod codeBase="/home/runner/workspace/tests/Abs.FixedAssets.Tests/bin/Debug/net9.0/Abs.FixedAssets.Tests.dll" adapterTypeName="executor://xunit/VsTestRunner2/netcoreapp" className="Abs.FixedAssets.Tests.CcaBackfillServiceTests" name="Suggester_KnownTypes_ReturnsExpectedClass" />
    </UnitTest>
    <UnitTest name="Abs.FixedAssets.Tests.HistoricJournalBackfillServiceTests.InheritedBookSettings_NullOverrides_StillReconcilesToAccumulated" storage="/home/runner/workspace/tests/abs.fixedassets.tests/bin/debug/net9.0/abs.fixedassets.tests.dll" id="b15329b5-3ae0-8bee-a7c3-ea5863cc429d">
      <Execution id="5581ecbb-7d80-4712-85c0-1eef85cf4618" />
      <TestMethod codeBase="/home/runner/workspace/tests/Abs.FixedAssets.Tests/bin/Debug/net9.0/Abs.FixedAssets.Tests.dll" adapterTypeName="executor://xunit/VsTestRunner2/netcoreapp" className="Abs.FixedAssets.Tests.HistoricJournalBackfillServiceTests" name="InheritedBookSettings_NullOverrides_StillReconcilesToAccumulated" />
    </UnitTest>
    <UnitTest name="Abs.FixedAssets.Tests.CcaBackfillServiceTests.Suggester_KnownTypes_ReturnsExpectedClass(assetType: &quot;CNC MACHINE&quot;, year: 2024, expectedClass: 53)" storage="/home/runner/workspace/tests/abs.fixedassets.tests/bin/debug/net9.0/abs.fixedassets.tests.dll" id="672acb34-8037-318a-67a0-b9761254b10e">
      <Execution id="d54a1697-d716-4063-a662-1d32d1bbcc49" />
      <TestMethod codeBase="/home/runner/workspace/tests/Abs.FixedAssets.Tests/bin/Debug/net9.0/Abs.FixedAssets.Tests.dll" adapterTypeName="executor://xunit/VsTestRunner2/netcoreapp" className="Abs.FixedAssets.Tests.CcaBackfillServiceTests" name="Suggester_KnownTypes_ReturnsExpectedClass" />
    </UnitTest>
    <UnitTest name="Abs.FixedAssets.Tests.DepreciationServiceTests.GroupComposite_ThrowsNotImplemented" storage="/home/runner/workspace/tests/abs.fixedassets.tests/bin/debug/net9.0/abs.fixedassets.tests.dll" id="8e8e8709-8449-2230-5547-447aa328b904">
      <Execution id="fce9e26c-60c0-4060-8e09-e57cf8f27fed" />
      <TestMethod codeBase="/home/runner/workspace/tests/Abs.FixedAssets.Tests/bin/Debug/net9.0/Abs.FixedAssets.Tests.dll" adapterTypeName="executor://xunit/VsTestRunner2/netcoreapp" className="Abs.FixedAssets.Tests.DepreciationServiceTests" name="GroupComposite_ThrowsNotImplemented" />
    </UnitTest>
    <UnitTest name="Abs.FixedAssets.Tests.CcaBackfillServiceTests.FirstRun_CreatesAssetTaxSettingsAndOpeningTransaction" storage="/home/runner/workspace/tests/abs.fixedassets.tests/bin/debug/net9.0/abs.fixedassets.tests.dll" id="ec963ab8-fae3-8b86-945f-cc9e58832899">
      <Execution id="001d8566-ece7-40e7-9e6c-b889910e63e7" />
      <TestMethod codeBase="/home/runner/workspace/tests/Abs.FixedAssets.Tests/bin/Debug/net9.0/Abs.FixedAssets.Tests.dll" adapterTypeName="executor://xunit/VsTestRunner2/netcoreapp" className="Abs.FixedAssets.Tests.CcaBackfillServiceTests" name="FirstRun_CreatesAssetTaxSettingsAndOpeningTransaction" />
    </UnitTest>
    <UnitTest name="Abs.FixedAssets.Tests.AssetConcurrencyTests.Postgres_TwoSimultaneousEdits_SecondSaveThrowsDbUpdateConcurrencyException" storage="/home/runner/workspace/tests/abs.fixedassets.tests/bin/debug/net9.0/abs.fixedassets.tests.dll" id="787c3e16-b56e-d7c7-39d5-428d013c64c6">
      <Execution id="36d83544-45de-44a3-b483-3e6afbcb3f05" />
      <TestMethod codeBase="/home/runner/workspace/tests/Abs.FixedAssets.Tests/bin/Debug/net9.0/Abs.FixedAssets.Tests.dll" adapterTypeName="executor://xunit/VsTestRunner2/netcoreapp" className="Abs.FixedAssets.Tests.AssetConcurrencyTests" name="Postgres_TwoSimultaneousEdits_SecondSaveThrowsDbUpdateConcurrencyException" />
    </UnitTest>
    <UnitTest name="Abs.FixedAssets.Tests.CcaBackfillServiceTests.AdminOverride_BeatsSuggestion" storage="/home/runner/workspace/tests/abs.fixedassets.tests/bin/debug/net9.0/abs.fixedassets.tests.dll" id="fce0451d-c37f-9dd3-f69c-49018b1c6ec7">
      <Execution id="96bd6100-6c90-4195-80fa-c175347746aa" />
      <TestMethod codeBase="/home/runner/workspace/tests/Abs.FixedAssets.Tests/bin/Debug/net9.0/Abs.FixedAssets.Tests.dll" adapterTypeName="executor://xunit/VsTestRunner2/netcoreapp" className="Abs.FixedAssets.Tests.CcaBackfillServiceTests" name="AdminOverride_BeatsSuggestion" />
    </UnitTest>
    <UnitTest name="Abs.FixedAssets.Tests.DepreciationServiceTests.MACRS_5Year_HasExpectedAnnualPercentages" storage="/home/runner/workspace/tests/abs.fixedassets.tests/bin/debug/net9.0/abs.fixedassets.tests.dll" id="08ef893b-1b9a-411b-4af6-f0d4c453e26f">
      <Execution id="ce24c375-3425-4e91-abb8-6616cc168e24" />
      <TestMethod codeBase="/home/runner/workspace/tests/Abs.FixedAssets.Tests/bin/Debug/net9.0/Abs.FixedAssets.Tests.dll" adapterTypeName="executor://xunit/VsTestRunner2/netcoreapp" className="Abs.FixedAssets.Tests.DepreciationServiceTests" name="MACRS_5Year_HasExpectedAnnualPercentages" />
    </UnitTest>
    <UnitTest name="Abs.FixedAssets.Tests.DepreciationServiceTests.BonusDepreciation_ReducesDepreciableBasis" storage="/home/runner/workspace/tests/abs.fixedassets.tests/bin/debug/net9.0/abs.fixedassets.tests.dll" id="6cb61330-c7ef-ebc3-a05d-598aefefa46f">
      <Execution id="ca39a571-cdb6-4fea-adb8-8cd48af9ff30" />
      <TestMethod codeBase="/home/runner/workspace/tests/Abs.FixedAssets.Tests/bin/Debug/net9.0/Abs.FixedAssets.Tests.dll" adapterTypeName="executor://xunit/VsTestRunner2/netcoreapp" className="Abs.FixedAssets.Tests.DepreciationServiceTests" name="BonusDepreciation_ReducesDepreciableBasis" />
    </UnitTest>
    <UnitTest name="Abs.FixedAssets.Tests.AssetConcurrencyTests.ETag_RoundTrips_AsBase64FourBytes" storage="/home/runner/workspace/tests/abs.fixedassets.tests/bin/debug/net9.0/abs.fixedassets.tests.dll" id="e8b62f86-c13c-246a-4f92-c1020fd7953e">
      <Execution id="92d77ada-9ded-4414-b6fa-f878c5913937" />
      <TestMethod codeBase="/home/runner/workspace/tests/Abs.FixedAssets.Tests/bin/Debug/net9.0/Abs.FixedAssets.Tests.dll" adapterTypeName="executor://xunit/VsTestRunner2/netcoreapp" className="Abs.FixedAssets.Tests.AssetConcurrencyTests" name="ETag_RoundTrips_AsBase64FourBytes" />
    </UnitTest>
    <UnitTest name="Abs.FixedAssets.Tests.HistoricJournalBackfillServiceTests.PreviewAsync_SurfacesMissingGlMappingPerBook_WithoutAborting" storage="/home/runner/workspace/tests/abs.fixedassets.tests/bin/debug/net9.0/abs.fixedassets.tests.dll" id="9ebc4de6-d84d-3cf0-fe96-6ec15357bba2">
      <Execution id="a6cd2a34-d88c-465c-971c-c5852b80a671" />
      <TestMethod codeBase="/home/runner/workspace/tests/Abs.FixedAssets.Tests/bin/Debug/net9.0/Abs.FixedAssets.Tests.dll" adapterTypeName="executor://xunit/VsTestRunner2/netcoreapp" className="Abs.FixedAssets.Tests.HistoricJournalBackfillServiceTests" name="PreviewAsync_SurfacesMissingGlMappingPerBook_WithoutAborting" />
    </UnitTest>
    <UnitTest name="Abs.FixedAssets.Tests.CcaBackfillServiceTests.Suggester_KnownTypes_ReturnsExpectedClass(assetType: &quot;CNC MACHINE&quot;, year: 2010, expectedClass: 29)" storage="/home/runner/workspace/tests/abs.fixedassets.tests/bin/debug/net9.0/abs.fixedassets.tests.dll" id="6a7d7aa1-34c8-07d8-1524-be19cfe68a3b">
      <Execution id="e3e1a2d8-ba60-4e58-984f-2e27459b9313" />
      <TestMethod codeBase="/home/runner/workspace/tests/Abs.FixedAssets.Tests/bin/Debug/net9.0/Abs.FixedAssets.Tests.dll" adapterTypeName="executor://xunit/VsTestRunner2/netcoreapp" className="Abs.FixedAssets.Tests.CcaBackfillServiceTests" name="Suggester_KnownTypes_ReturnsExpectedClass" />
    </UnitTest>
    <UnitTest name="Abs.FixedAssets.Tests.DepreciationServiceTests.Section179_ReducesDepreciableBasis" storage="/home/runner/workspace/tests/abs.fixedassets.tests/bin/debug/net9.0/abs.fixedassets.tests.dll" id="9efd36f0-79f5-cb40-d954-9429db5cd6c7">
      <Execution id="d16db0c8-fa56-4564-81e0-d6b4393fd26a" />
      <TestMethod codeBase="/home/runner/workspace/tests/Abs.FixedAssets.Tests/bin/Debug/net9.0/Abs.FixedAssets.Tests.dll" adapterTypeName="executor://xunit/VsTestRunner2/netcoreapp" className="Abs.FixedAssets.Tests.DepreciationServiceTests" name="Section179_ReducesDepreciableBasis" />
    </UnitTest>
    <UnitTest name="Abs.FixedAssets.Tests.CcaBackfillServiceTests.Suggester_CheapTool_GoesToClass12" storage="/home/runner/workspace/tests/abs.fixedassets.tests/bin/debug/net9.0/abs.fixedassets.tests.dll" id="50dd79fc-4016-d485-1282-62cc9990540d">
      <Execution id="32d28a93-6f52-4d6b-9513-f4f3cd094ce8" />
      <TestMethod codeBase="/home/runner/workspace/tests/Abs.FixedAssets.Tests/bin/Debug/net9.0/Abs.FixedAssets.Tests.dll" adapterTypeName="executor://xunit/VsTestRunner2/netcoreapp" className="Abs.FixedAssets.Tests.CcaBackfillServiceTests" name="Suggester_CheapTool_GoesToClass12" />
    </UnitTest>
    <UnitTest name="Abs.FixedAssets.Tests.CcaBackfillServiceTests.Class53_FirstYear_AppliesAIIWithoutHalfYearAdjustment" storage="/home/runner/workspace/tests/abs.fixedassets.tests/bin/debug/net9.0/abs.fixedassets.tests.dll" id="7fe3e064-ca47-e7b4-217a-617fee7ec62b">
      <Execution id="f12370df-809f-400d-8f67-4281e741c143" />
      <TestMethod codeBase="/home/runner/workspace/tests/Abs.FixedAssets.Tests/bin/Debug/net9.0/Abs.FixedAssets.Tests.dll" adapterTypeName="executor://xunit/VsTestRunner2/netcoreapp" className="Abs.FixedAssets.Tests.CcaBackfillServiceTests" name="Class53_FirstYear_AppliesAIIWithoutHalfYearAdjustment" />
    </UnitTest>
    <UnitTest name="Abs.FixedAssets.Tests.CcaBackfillServiceTests.Suggester_KnownTypes_ReturnsExpectedClass(assetType: &quot;UNSPECIFIED&quot;, year: 2024, expectedClass: 8)" storage="/home/runner/workspace/tests/abs.fixedassets.tests/bin/debug/net9.0/abs.fixedassets.tests.dll" id="09b5029a-2e1c-4c74-d38d-5445865119a6">
      <Execution id="6587f227-ee73-4236-bdb4-002d80b646c1" />
      <TestMethod codeBase="/home/runner/workspace/tests/Abs.FixedAssets.Tests/bin/Debug/net9.0/Abs.FixedAssets.Tests.dll" adapterTypeName="executor://xunit/VsTestRunner2/netcoreapp" className="Abs.FixedAssets.Tests.CcaBackfillServiceTests" name="Suggester_KnownTypes_ReturnsExpectedClass" />
    </UnitTest>
    <UnitTest name="Abs.FixedAssets.Tests.DepreciationServiceTests.StraightLine_FullLife_DepreciatesEntireBasisToSalvage" storage="/home/runner/workspace/tests/abs.fixedassets.tests/bin/debug/net9.0/abs.fixedassets.tests.dll" id="5e735b19-bfd8-f1bf-5ded-1bb18d8af313">
      <Execution id="1b400969-68dc-479f-9164-66b742cdf72d" />
      <TestMethod codeBase="/home/runner/workspace/tests/Abs.FixedAssets.Tests/bin/Debug/net9.0/Abs.FixedAssets.Tests.dll" adapterTypeName="executor://xunit/VsTestRunner2/netcoreapp" className="Abs.FixedAssets.Tests.DepreciationServiceTests" name="StraightLine_FullLife_DepreciatesEntireBasisToSalvage" />
    </UnitTest>
    <UnitTest name="Abs.FixedAssets.Tests.CcaBackfillServiceTests.ZeroCostAsset_IsSkippedWithWarning" storage="/home/runner/workspace/tests/abs.fixedassets.tests/bin/debug/net9.0/abs.fixedassets.tests.dll" id="05159e20-54cb-43f4-755d-3b204c8ab0b1">
      <Execution id="0bed0f36-5e90-4c85-948b-d8c17bb3bd2a" />
      <TestMethod codeBase="/home/runner/workspace/tests/Abs.FixedAssets.Tests/bin/Debug/net9.0/Abs.FixedAssets.Tests.dll" adapterTypeName="executor://xunit/VsTestRunner2/netcoreapp" className="Abs.FixedAssets.Tests.CcaBackfillServiceTests" name="ZeroCostAsset_IsSkippedWithWarning" />
    </UnitTest>
    <UnitTest name="Abs.FixedAssets.Tests.CcaBackfillServiceTests.Suggester_KnownTypes_ReturnsExpectedClass(assetType: &quot;OFFICE FURNITURE&quot;, year: 2024, expectedClass: 8)" storage="/home/runner/workspace/tests/abs.fixedassets.tests/bin/debug/net9.0/abs.fixedassets.tests.dll" id="4af3d08a-31f4-1156-e526-3c831c5f76b5">
      <Execution id="729c26f8-c4d5-401a-972d-c7df4182640d" />
      <TestMethod codeBase="/home/runner/workspace/tests/Abs.FixedAssets.Tests/bin/Debug/net9.0/Abs.FixedAssets.Tests.dll" adapterTypeName="executor://xunit/VsTestRunner2/netcoreapp" className="Abs.FixedAssets.Tests.CcaBackfillServiceTests" name="Suggester_KnownTypes_ReturnsExpectedClass" />
    </UnitTest>
    <UnitTest name="Abs.FixedAssets.Tests.AssetConcurrencyTests.Api_StaleIfMatch_Returns409_WithErrorAndCurrentShape" storage="/home/runner/workspace/tests/abs.fixedassets.tests/bin/debug/net9.0/abs.fixedassets.tests.dll" id="fa3d513e-5a13-d73a-5b65-4c4d8514a885">
      <Execution id="1f6ed77a-e63e-4784-bb4d-861179244362" />
      <TestMethod codeBase="/home/runner/workspace/tests/Abs.FixedAssets.Tests/bin/Debug/net9.0/Abs.FixedAssets.Tests.dll" adapterTypeName="executor://xunit/VsTestRunner2/netcoreapp" className="Abs.FixedAssets.Tests.AssetConcurrencyTests" name="Api_StaleIfMatch_Returns409_WithErrorAndCurrentShape" />
    </UnitTest>
    <UnitTest name="Abs.FixedAssets.Tests.HistoricJournalBackfillServiceTests.Section179AndBonus_UpfrontAmounts_ReconcileToAccumulated" storage="/home/runner/workspace/tests/abs.fixedassets.tests/bin/debug/net9.0/abs.fixedassets.tests.dll" id="29947803-58a5-1d79-96eb-87a596e31435">
      <Execution id="05c62102-3b52-4ad2-b418-c502e7b27fae" />
      <TestMethod codeBase="/home/runner/workspace/tests/Abs.FixedAssets.Tests/bin/Debug/net9.0/Abs.FixedAssets.Tests.dll" adapterTypeName="executor://xunit/VsTestRunner2/netcoreapp" className="Abs.FixedAssets.Tests.HistoricJournalBackfillServiceTests" name="Section179AndBonus_UpfrontAmounts_ReconcileToAccumulated" />
    </UnitTest>
    <UnitTest name="Abs.FixedAssets.Tests.DepreciationServiceTests.EmptySchedule_WhenInServiceDateAfterAsOfDate" storage="/home/runner/workspace/tests/abs.fixedassets.tests/bin/debug/net9.0/abs.fixedassets.tests.dll" id="e62e8c03-b4b4-d1b5-12d9-26d56b25885e">
      <Execution id="d40f68af-4260-417f-8c49-5a700bfc367e" />
      <TestMethod codeBase="/home/runner/workspace/tests/Abs.FixedAssets.Tests/bin/Debug/net9.0/Abs.FixedAssets.Tests.dll" adapterTypeName="executor://xunit/VsTestRunner2/netcoreapp" className="Abs.FixedAssets.Tests.DepreciationServiceTests" name="EmptySchedule_WhenInServiceDateAfterAsOfDate" />
    </UnitTest>
    <UnitTest name="Abs.FixedAssets.Tests.CcaBackfillServiceTests.Suggester_KnownTypes_ReturnsExpectedClass(assetType: &quot;BUILDING&quot;, year: 2024, expectedClass: 1)" storage="/home/runner/workspace/tests/abs.fixedassets.tests/bin/debug/net9.0/abs.fixedassets.tests.dll" id="9cbbb117-1789-a9e6-fea3-bc4c750b0048">
      <Execution id="265a5ca3-e5db-46ec-a536-9f43f9065656" />
      <TestMethod codeBase="/home/runner/workspace/tests/Abs.FixedAssets.Tests/bin/Debug/net9.0/Abs.FixedAssets.Tests.dll" adapterTypeName="executor://xunit/VsTestRunner2/netcoreapp" className="Abs.FixedAssets.Tests.CcaBackfillServiceTests" name="Suggester_KnownTypes_ReturnsExpectedClass" />
    </UnitTest>
    <UnitTest name="Abs.FixedAssets.Tests.DepreciationServiceTests.ZeroLife_ProducesEmptySchedule" storage="/home/runner/workspace/tests/abs.fixedassets.tests/bin/debug/net9.0/abs.fixedassets.tests.dll" id="2618bc20-d303-3448-b286-36f17ebb3c8a">
      <Execution id="d4def07d-7c3b-465a-abf5-50fd54497387" />
      <TestMethod codeBase="/home/runner/workspace/tests/Abs.FixedAssets.Tests/bin/Debug/net9.0/Abs.FixedAssets.Tests.dll" adapterTypeName="executor://xunit/VsTestRunner2/netcoreapp" className="Abs.FixedAssets.Tests.DepreciationServiceTests" name="ZeroLife_ProducesEmptySchedule" />
    </UnitTest>
    <UnitTest name="Abs.FixedAssets.Tests.HistoricJournalBackfillServiceTests.UnsupportedMethod_SkipsAssetWithWarning_SweepContinues" storage="/home/runner/workspace/tests/abs.fixedassets.tests/bin/debug/net9.0/abs.fixedassets.tests.dll" id="03e94b10-07e1-000b-fb25-08eabf6aa628">
      <Execution id="21c2cbb9-b902-4c22-8c72-fb42acc975b0" />
      <TestMethod codeBase="/home/runner/workspace/tests/Abs.FixedAssets.Tests/bin/Debug/net9.0/Abs.FixedAssets.Tests.dll" adapterTypeName="executor://xunit/VsTestRunner2/netcoreapp" className="Abs.FixedAssets.Tests.HistoricJournalBackfillServiceTests" name="UnsupportedMethod_SkipsAssetWithWarning_SweepContinues" />
    </UnitTest>
    <UnitTest name="Abs.FixedAssets.Tests.CcaBackfillServiceTests.Suggester_ExpensiveTool_FallsBackToClass8" storage="/home/runner/workspace/tests/abs.fixedassets.tests/bin/debug/net9.0/abs.fixedassets.tests.dll" id="4415754d-45c9-06ff-9a28-b9558e80e630">
      <Execution id="e9d28ce6-1124-44ac-82ba-022436e0c573" />
      <TestMethod codeBase="/home/runner/workspace/tests/Abs.FixedAssets.Tests/bin/Debug/net9.0/Abs.FixedAssets.Tests.dll" adapterTypeName="executor://xunit/VsTestRunner2/netcoreapp" className="Abs.FixedAssets.Tests.CcaBackfillServiceTests" name="Suggester_ExpensiveTool_FallsBackToClass8" />
    </UnitTest>
    <UnitTest name="Abs.FixedAssets.Tests.CcaBackfillServiceTests.Suggester_KnownTypes_ReturnsExpectedClass(assetType: &quot;FORKLIFT&quot;, year: 2024, expectedClass: 10)" storage="/home/runner/workspace/tests/abs.fixedassets.tests/bin/debug/net9.0/abs.fixedassets.tests.dll" id="1074b78b-3cff-9fea-2a8a-bfaf81bd7409">
      <Execution id="77834074-72a0-4e24-9519-e651b2ebf457" />
      <TestMethod codeBase="/home/runner/workspace/tests/Abs.FixedAssets.Tests/bin/Debug/net9.0/Abs.FixedAssets.Tests.dll" adapterTypeName="executor://xunit/VsTestRunner2/netcoreapp" className="Abs.FixedAssets.Tests.CcaBackfillServiceTests" name="Suggester_KnownTypes_ReturnsExpectedClass" />
    </UnitTest>
    <UnitTest name="Abs.FixedAssets.Tests.CcaBackfillServiceTests.RepeatComputeBalances_ProducesSameClosingUcc" storage="/home/runner/workspace/tests/abs.fixedassets.tests/bin/debug/net9.0/abs.fixedassets.tests.dll" id="09cffdf2-ab69-5220-fb15-c1b02b43ca87">
      <Execution id="6b145399-ba4b-4e54-aaf2-0efdc95e9e28" />
      <TestMethod codeBase="/home/runner/workspace/tests/Abs.FixedAssets.Tests/bin/Debug/net9.0/Abs.FixedAssets.Tests.dll" adapterTypeName="executor://xunit/VsTestRunner2/netcoreapp" className="Abs.FixedAssets.Tests.CcaBackfillServiceTests" name="RepeatComputeBalances_ProducesSameClosingUcc" />
    </UnitTest>
    <UnitTest name="Abs.FixedAssets.Tests.HistoricJournalBackfillServiceTests.RerunningTwice_IsIdempotent_NoDuplicateEntries" storage="/home/runner/workspace/tests/abs.fixedassets.tests/bin/debug/net9.0/abs.fixedassets.tests.dll" id="3632feba-e294-b719-8fdb-8bcb2c28167b">
      <Execution id="a108c805-fc2a-47bb-a006-249121ff5307" />
      <TestMethod codeBase="/home/runner/workspace/tests/Abs.FixedAssets.Tests/bin/Debug/net9.0/Abs.FixedAssets.Tests.dll" adapterTypeName="executor://xunit/VsTestRunner2/netcoreapp" className="Abs.FixedAssets.Tests.HistoricJournalBackfillServiceTests" name="RerunningTwice_IsIdempotent_NoDuplicateEntries" />
    </UnitTest>
    <UnitTest name="Abs.FixedAssets.Tests.AssetConcurrencyTests.Api_MissingIfMatch_Returns428PreconditionRequired" storage="/home/runner/workspace/tests/abs.fixedassets.tests/bin/debug/net9.0/abs.fixedassets.tests.dll" id="317ccf77-e73b-ff9d-62ac-54f5c42117f6">
      <Execution id="c61fec32-fe22-45a4-9a20-c50668dac072" />
      <TestMethod codeBase="/home/runner/workspace/tests/Abs.FixedAssets.Tests/bin/Debug/net9.0/Abs.FixedAssets.Tests.dll" adapterTypeName="executor://xunit/VsTestRunner2/netcoreapp" className="Abs.FixedAssets.Tests.AssetConcurrencyTests" name="Api_MissingIfMatch_Returns428PreconditionRequired" />
    </UnitTest>
    <UnitTest name="Abs.FixedAssets.Tests.DepreciationServiceTests.DoubleDecliningBalance_5Year_FrontLoadsDepreciation" storage="/home/runner/workspace/tests/abs.fixedassets.tests/bin/debug/net9.0/abs.fixedassets.tests.dll" id="040f684c-558e-d464-5428-3f4fcfe1e24c">
      <Execution id="9c2ec547-90bb-43fa-b33d-7050a389d312" />
      <TestMethod codeBase="/home/runner/workspace/tests/Abs.FixedAssets.Tests/bin/Debug/net9.0/Abs.FixedAssets.Tests.dll" adapterTypeName="executor://xunit/VsTestRunner2/netcoreapp" className="Abs.FixedAssets.Tests.DepreciationServiceTests" name="DoubleDecliningBalance_5Year_FrontLoadsDepreciation" />
    </UnitTest>
    <UnitTest name="Abs.FixedAssets.Tests.DepreciationServiceTests.CCA_Method_ThrowsClearError_NotSilentZero" storage="/home/runner/workspace/tests/abs.fixedassets.tests/bin/debug/net9.0/abs.fixedassets.tests.dll" id="a1530178-ebb8-411d-86df-19fe21aeb740">
      <Execution id="61f59e05-ead6-4e3a-8046-78d26e34e44c" />
      <TestMethod codeBase="/home/runner/workspace/tests/Abs.FixedAssets.Tests/bin/Debug/net9.0/Abs.FixedAssets.Tests.dll" adapterTypeName="executor://xunit/VsTestRunner2/netcoreapp" className="Abs.FixedAssets.Tests.DepreciationServiceTests" name="CCA_Method_ThrowsClearError_NotSilentZero" />
    </UnitTest>
    <UnitTest name="Abs.FixedAssets.Tests.HistoricJournalBackfillServiceTests.GlAccountFallback_UsesBookGlAccountDepExp_WhenBookGlAccountRowMissing" storage="/home/runner/workspace/tests/abs.fixedassets.tests/bin/debug/net9.0/abs.fixedassets.tests.dll" id="a26d7989-22ad-10b4-3fab-dc054e250472">
      <Execution id="289da522-f809-495d-b888-29f4db5ac5fa" />
      <TestMethod codeBase="/home/runner/workspace/tests/Abs.FixedAssets.Tests/bin/Debug/net9.0/Abs.FixedAssets.Tests.dll" adapterTypeName="executor://xunit/VsTestRunner2/netcoreapp" className="Abs.FixedAssets.Tests.HistoricJournalBackfillServiceTests" name="GlAccountFallback_UsesBookGlAccountDepExp_WhenBookGlAccountRowMissing" />
    </UnitTest>
    <UnitTest name="Abs.FixedAssets.Tests.DepreciationServiceTests.ADS_Method_ThrowsNotImplemented_NotSilentZero" storage="/home/runner/workspace/tests/abs.fixedassets.tests/bin/debug/net9.0/abs.fixedassets.tests.dll" id="47f45bd5-ce4a-64e3-488c-0aaf9a85f3e5">
      <Execution id="ebf67a7f-0034-4f88-83a5-f1ffcfe3eb38" />
      <TestMethod codeBase="/home/runner/workspace/tests/Abs.FixedAssets.Tests/bin/Debug/net9.0/Abs.FixedAssets.Tests.dll" adapterTypeName="executor://xunit/VsTestRunner2/netcoreapp" className="Abs.FixedAssets.Tests.DepreciationServiceTests" name="ADS_Method_ThrowsNotImplemented_NotSilentZero" />
    </UnitTest>
    <UnitTest name="Abs.FixedAssets.Tests.CcaBackfillServiceTests.Suggester_KnownTypes_ReturnsExpectedClass(assetType: &quot;&quot;, year: 2024, expectedClass: 8)" storage="/home/runner/workspace/tests/abs.fixedassets.tests/bin/debug/net9.0/abs.fixedassets.tests.dll" id="cd0951a3-fac7-1ec6-770c-50c2d8fe17c9">
      <Execution id="503ac58a-a7a7-4bc2-b397-3ed07024c599" />
      <TestMethod codeBase="/home/runner/workspace/tests/Abs.FixedAssets.Tests/bin/Debug/net9.0/Abs.FixedAssets.Tests.dll" adapterTypeName="executor://xunit/VsTestRunner2/netcoreapp" className="Abs.FixedAssets.Tests.CcaBackfillServiceTests" name="Suggester_KnownTypes_ReturnsExpectedClass" />
    </UnitTest>
    <UnitTest name="Abs.FixedAssets.Tests.HistoricJournalBackfillServiceTests.TotalDebits_ReconcileToAssetBookSettings_AccumulatedDepreciation" storage="/home/runner/workspace/tests/abs.fixedassets.tests/bin/debug/net9.0/abs.fixedassets.tests.dll" id="ab5f9a89-c27d-5352-b46e-f4f0cacff911">
      <Execution id="04214594-86a0-4552-ba65-d85497196eeb" />
      <TestMethod codeBase="/home/runner/workspace/tests/Abs.FixedAssets.Tests/bin/Debug/net9.0/Abs.FixedAssets.Tests.dll" adapterTypeName="executor://xunit/VsTestRunner2/netcoreapp" className="Abs.FixedAssets.Tests.HistoricJournalBackfillServiceTests" name="TotalDebits_ReconcileToAssetBookSettings_AccumulatedDepreciation" />
    </UnitTest>
    <UnitTest name="Abs.FixedAssets.Tests.DepreciationServiceTests.ZeroCost_ProducesEmptySchedule" storage="/home/runner/workspace/tests/abs.fixedassets.tests/bin/debug/net9.0/abs.fixedassets.tests.dll" id="41a03409-b5e6-6b4d-243f-5c5fc2e7e3d6">
      <Execution id="6498e9d8-3765-45bf-aa52-731d460c3e4c" />
      <TestMethod codeBase="/home/runner/workspace/tests/Abs.FixedAssets.Tests/bin/Debug/net9.0/Abs.FixedAssets.Tests.dll" adapterTypeName="executor://xunit/VsTestRunner2/netcoreapp" className="Abs.FixedAssets.Tests.DepreciationServiceTests" name="ZeroCost_ProducesEmptySchedule" />
    </UnitTest>
    <UnitTest name="Abs.FixedAssets.Tests.AssetConcurrencyTests.WebEditPage_StalePost_RendersConflictBannerAndPreservesUserEdits" storage="/home/runner/workspace/tests/abs.fixedassets.tests/bin/debug/net9.0/abs.fixedassets.tests.dll" id="d36f4db8-4021-4feb-294c-9fe335294fcb">
      <Execution id="1decee8b-d3db-4296-81ab-3cd897dc758d" />
      <TestMethod codeBase="/home/runner/workspace/tests/Abs.FixedAssets.Tests/bin/Debug/net9.0/Abs.FixedAssets.Tests.dll" adapterTypeName="executor://xunit/VsTestRunner2/netcoreapp" className="Abs.FixedAssets.Tests.AssetConcurrencyTests" name="WebEditPage_StalePost_RendersConflictBannerAndPreservesUserEdits" />
    </UnitTest>
    <UnitTest name="Abs.FixedAssets.Tests.HistoricJournalBackfillServiceTests.DriftBetweenStampedAccAndEngine_EmitsWarning_PostsEngineAmount" storage="/home/runner/workspace/tests/abs.fixedassets.tests/bin/debug/net9.0/abs.fixedassets.tests.dll" id="6dea3878-9f77-546c-f0e3-1dc3ff7d43f2">
      <Execution id="cd662893-f22d-4687-9f1c-7aecbc8094d4" />
      <TestMethod codeBase="/home/runner/workspace/tests/Abs.FixedAssets.Tests/bin/Debug/net9.0/Abs.FixedAssets.Tests.dll" adapterTypeName="executor://xunit/VsTestRunner2/netcoreapp" className="Abs.FixedAssets.Tests.HistoricJournalBackfillServiceTests" name="DriftBetweenStampedAccAndEngine_EmitsWarning_PostsEngineAmount" />
    </UnitTest>
    <UnitTest name="Abs.FixedAssets.Tests.DepreciationServiceTests.StraightLine_RespectsSalvageValue" storage="/home/runner/workspace/tests/abs.fixedassets.tests/bin/debug/net9.0/abs.fixedassets.tests.dll" id="a239d08b-af1a-ec33-9a0c-a5e9f8468651">
      <Execution id="157542aa-e6ac-4559-8b9c-862065c59fa9" />
      <TestMethod codeBase="/home/runner/workspace/tests/Abs.FixedAssets.Tests/bin/Debug/net9.0/Abs.FixedAssets.Tests.dll" adapterTypeName="executor://xunit/VsTestRunner2/netcoreapp" className="Abs.FixedAssets.Tests.DepreciationServiceTests" name="StraightLine_RespectsSalvageValue" />
    </UnitTest>
  </TestDefinitions>
  <TestEntries>
    <TestEntry testId="9efd36f0-79f5-cb40-d954-9429db5cd6c7" executionId="d16db0c8-fa56-4564-81e0-d6b4393fd26a" testListId="8c84fa94-04c1-424b-9868-57a2d4851a1d" />
    <TestEntry testId="09cffdf2-ab69-5220-fb15-c1b02b43ca87" executionId="6b145399-ba4b-4e54-aaf2-0efdc95e9e28" testListId="8c84fa94-04c1-424b-9868-57a2d4851a1d" />
    <TestEntry testId="29947803-58a5-1d79-96eb-87a596e31435" executionId="05c62102-3b52-4ad2-b418-c502e7b27fae" testListId="8c84fa94-04c1-424b-9868-57a2d4851a1d" />
    <TestEntry testId="8bdd5ae9-11f5-be9d-9bd0-6b795954c713" executionId="89d30c79-b3ca-45e4-ac96-8b20be23468a" testListId="8c84fa94-04c1-424b-9868-57a2d4851a1d" />
    <TestEntry testId="50dd79fc-4016-d485-1282-62cc9990540d" executionId="32d28a93-6f52-4d6b-9513-f4f3cd094ce8" testListId="8c84fa94-04c1-424b-9868-57a2d4851a1d" />
    <TestEntry testId="e8b62f86-c13c-246a-4f92-c1020fd7953e" executionId="92d77ada-9ded-4414-b6fa-f878c5913937" testListId="8c84fa94-04c1-424b-9868-57a2d4851a1d" />
    <TestEntry testId="08ef893b-1b9a-411b-4af6-f0d4c453e26f" executionId="ce24c375-3425-4e91-abb8-6616cc168e24" testListId="8c84fa94-04c1-424b-9868-57a2d4851a1d" />
    <TestEntry testId="47f45bd5-ce4a-64e3-488c-0aaf9a85f3e5" executionId="ebf67a7f-0034-4f88-83a5-f1ffcfe3eb38" testListId="8c84fa94-04c1-424b-9868-57a2d4851a1d" />
    <TestEntry testId="4c5252b9-b9cd-54b8-ad8c-f52a4a1876cc" executionId="bf4f6757-01ae-4d60-83c8-a81645837b85" testListId="8c84fa94-04c1-424b-9868-57a2d4851a1d" />
    <TestEntry testId="3632feba-e294-b719-8fdb-8bcb2c28167b" executionId="a108c805-fc2a-47bb-a006-249121ff5307" testListId="8c84fa94-04c1-424b-9868-57a2d4851a1d" />
    <TestEntry testId="a239d08b-af1a-ec33-9a0c-a5e9f8468651" executionId="157542aa-e6ac-4559-8b9c-862065c59fa9" testListId="8c84fa94-04c1-424b-9868-57a2d4851a1d" />
    <TestEntry testId="ec963ab8-fae3-8b86-945f-cc9e58832899" executionId="001d8566-ece7-40e7-9e6c-b889910e63e7" testListId="8c84fa94-04c1-424b-9868-57a2d4851a1d" />
    <TestEntry testId="e62e8c03-b4b4-d1b5-12d9-26d56b25885e" executionId="d40f68af-4260-417f-8c49-5a700bfc367e" testListId="8c84fa94-04c1-424b-9868-57a2d4851a1d" />
    <TestEntry testId="f18e56dd-2b62-65c4-173a-921c8dbbe195" executionId="a604795d-ba13-44a7-8314-62706982af6e" testListId="8c84fa94-04c1-424b-9868-57a2d4851a1d" />
    <TestEntry testId="6a7d7aa1-34c8-07d8-1524-be19cfe68a3b" executionId="e3e1a2d8-ba60-4e58-984f-2e27459b9313" testListId="8c84fa94-04c1-424b-9868-57a2d4851a1d" />
    <TestEntry testId="a33ffd88-9182-4638-8022-df29373d73f0" executionId="1759b03d-ebdd-413d-9df7-41c80e4fda99" testListId="8c84fa94-04c1-424b-9868-57a2d4851a1d" />
    <TestEntry testId="41a03409-b5e6-6b4d-243f-5c5fc2e7e3d6" executionId="6498e9d8-3765-45bf-aa52-731d460c3e4c" testListId="8c84fa94-04c1-424b-9868-57a2d4851a1d" />
    <TestEntry testId="44789e39-125d-a51a-96e9-2fb6bbf162b8" executionId="c62ab0ce-0088-4cb8-9e7c-810e21f87dce" testListId="8c84fa94-04c1-424b-9868-57a2d4851a1d" />
    <TestEntry testId="05159e20-54cb-43f4-755d-3b204c8ab0b1" executionId="0bed0f36-5e90-4c85-948b-d8c17bb3bd2a" testListId="8c84fa94-04c1-424b-9868-57a2d4851a1d" />
    <TestEntry testId="e67671cb-ffea-a398-3921-727871a6a3b3" executionId="72f50959-63f7-4c4d-924d-886485117500" testListId="8c84fa94-04c1-424b-9868-57a2d4851a1d" />
    <TestEntry testId="343dd623-72a8-e807-b325-b62db6aacbef" executionId="97f27595-ad21-4dff-8fc8-53e65e499a19" testListId="8c84fa94-04c1-424b-9868-57a2d4851a1d" />
    <TestEntry testId="317ccf77-e73b-ff9d-62ac-54f5c42117f6" executionId="c61fec32-fe22-45a4-9a20-c50668dac072" testListId="8c84fa94-04c1-424b-9868-57a2d4851a1d" />
    <TestEntry testId="6cb61330-c7ef-ebc3-a05d-598aefefa46f" executionId="ca39a571-cdb6-4fea-adb8-8cd48af9ff30" testListId="8c84fa94-04c1-424b-9868-57a2d4851a1d" />
    <TestEntry testId="8e8e8709-8449-2230-5547-447aa328b904" executionId="fce9e26c-60c0-4060-8e09-e57cf8f27fed" testListId="8c84fa94-04c1-424b-9868-57a2d4851a1d" />
    <TestEntry testId="9ebc4de6-d84d-3cf0-fe96-6ec15357bba2" executionId="a6cd2a34-d88c-465c-971c-c5852b80a671" testListId="8c84fa94-04c1-424b-9868-57a2d4851a1d" />
    <TestEntry testId="7fe3e064-ca47-e7b4-217a-617fee7ec62b" executionId="f12370df-809f-400d-8f67-4281e741c143" testListId="8c84fa94-04c1-424b-9868-57a2d4851a1d" />
    <TestEntry testId="5e735b19-bfd8-f1bf-5ded-1bb18d8af313" executionId="1b400969-68dc-479f-9164-66b742cdf72d" testListId="8c84fa94-04c1-424b-9868-57a2d4851a1d" />
    <TestEntry testId="9cbbb117-1789-a9e6-fea3-bc4c750b0048" executionId="265a5ca3-e5db-46ec-a536-9f43f9065656" testListId="8c84fa94-04c1-424b-9868-57a2d4851a1d" />
    <TestEntry testId="09b5029a-2e1c-4c74-d38d-5445865119a6" executionId="6587f227-ee73-4236-bdb4-002d80b646c1" testListId="8c84fa94-04c1-424b-9868-57a2d4851a1d" />
    <TestEntry testId="b15329b5-3ae0-8bee-a7c3-ea5863cc429d" executionId="5581ecbb-7d80-4712-85c0-1eef85cf4618" testListId="8c84fa94-04c1-424b-9868-57a2d4851a1d" />
    <TestEntry testId="d36f4db8-4021-4feb-294c-9fe335294fcb" executionId="1decee8b-d3db-4296-81ab-3cd897dc758d" testListId="8c84fa94-04c1-424b-9868-57a2d4851a1d" />
    <TestEntry testId="a1137cc4-c93d-fce2-3775-d611aefc6814" executionId="51b1ca76-e30b-4e95-826c-e22004a426e3" testListId="8c84fa94-04c1-424b-9868-57a2d4851a1d" />
    <TestEntry testId="fa3d513e-5a13-d73a-5b65-4c4d8514a885" executionId="1f6ed77a-e63e-4784-bb4d-861179244362" testListId="8c84fa94-04c1-424b-9868-57a2d4851a1d" />
    <TestEntry testId="4415754d-45c9-06ff-9a28-b9558e80e630" executionId="e9d28ce6-1124-44ac-82ba-022436e0c573" testListId="8c84fa94-04c1-424b-9868-57a2d4851a1d" />
    <TestEntry testId="6dea3878-9f77-546c-f0e3-1dc3ff7d43f2" executionId="cd662893-f22d-4687-9f1c-7aecbc8094d4" testListId="8c84fa94-04c1-424b-9868-57a2d4851a1d" />
    <TestEntry testId="03e94b10-07e1-000b-fb25-08eabf6aa628" executionId="21c2cbb9-b902-4c22-8c72-fb42acc975b0" testListId="8c84fa94-04c1-424b-9868-57a2d4851a1d" />
    <TestEntry testId="cd0951a3-fac7-1ec6-770c-50c2d8fe17c9" executionId="503ac58a-a7a7-4bc2-b397-3ed07024c599" testListId="8c84fa94-04c1-424b-9868-57a2d4851a1d" />
    <TestEntry testId="2618bc20-d303-3448-b286-36f17ebb3c8a" executionId="d4def07d-7c3b-465a-abf5-50fd54497387" testListId="8c84fa94-04c1-424b-9868-57a2d4851a1d" />
    <TestEntry testId="787c3e16-b56e-d7c7-39d5-428d013c64c6" executionId="36d83544-45de-44a3-b483-3e6afbcb3f05" testListId="8c84fa94-04c1-424b-9868-57a2d4851a1d" />
    <TestEntry testId="672acb34-8037-318a-67a0-b9761254b10e" executionId="d54a1697-d716-4063-a662-1d32d1bbcc49" testListId="8c84fa94-04c1-424b-9868-57a2d4851a1d" />
    <TestEntry testId="4af3d08a-31f4-1156-e526-3c831c5f76b5" executionId="729c26f8-c4d5-401a-972d-c7df4182640d" testListId="8c84fa94-04c1-424b-9868-57a2d4851a1d" />
    <TestEntry testId="040f684c-558e-d464-5428-3f4fcfe1e24c" executionId="9c2ec547-90bb-43fa-b33d-7050a389d312" testListId="8c84fa94-04c1-424b-9868-57a2d4851a1d" />
    <TestEntry testId="a1530178-ebb8-411d-86df-19fe21aeb740" executionId="61f59e05-ead6-4e3a-8046-78d26e34e44c" testListId="8c84fa94-04c1-424b-9868-57a2d4851a1d" />
    <TestEntry testId="ec771bfb-41b7-b2d8-7c30-446ad732c23b" executionId="6361ce91-c9fe-4b0c-a7bf-c0f9277683be" testListId="8c84fa94-04c1-424b-9868-57a2d4851a1d" />
    <TestEntry testId="b4c08935-13e7-54c0-93a8-b2f4685326ae" executionId="53e6ad8b-fff0-42a8-85fb-1f33dcd08b0f" testListId="8c84fa94-04c1-424b-9868-57a2d4851a1d" />
    <TestEntry testId="e0102e2c-1385-d491-328e-c3cbbc520ebb" executionId="c57ea3da-5104-49df-a077-2c062397baff" testListId="8c84fa94-04c1-424b-9868-57a2d4851a1d" />
    <TestEntry testId="fce0451d-c37f-9dd3-f69c-49018b1c6ec7" executionId="96bd6100-6c90-4195-80fa-c175347746aa" testListId="8c84fa94-04c1-424b-9868-57a2d4851a1d" />
    <TestEntry testId="1074b78b-3cff-9fea-2a8a-bfaf81bd7409" executionId="77834074-72a0-4e24-9519-e651b2ebf457" testListId="8c84fa94-04c1-424b-9868-57a2d4851a1d" />
    <TestEntry testId="ab5f9a89-c27d-5352-b46e-f4f0cacff911" executionId="04214594-86a0-4552-ba65-d85497196eeb" testListId="8c84fa94-04c1-424b-9868-57a2d4851a1d" />
    <TestEntry testId="ff49d4e2-02c7-ef8d-95e5-66352d31f879" executionId="853f2874-b4d9-4b17-b1ae-2f23a0ea9485" testListId="8c84fa94-04c1-424b-9868-57a2d4851a1d" />
    <TestEntry testId="a26d7989-22ad-10b4-3fab-dc054e250472" executionId="289da522-f809-495d-b888-29f4db5ac5fa" testListId="8c84fa94-04c1-424b-9868-57a2d4851a1d" />
    <TestEntry testId="eaabc19f-0dbb-52a9-831c-23229bac2469" executionId="5eb806bd-7987-487e-883a-0cdd6256bbd5" testListId="8c84fa94-04c1-424b-9868-57a2d4851a1d" />
  </TestEntries>
  <TestLists>
    <TestList name="Results Not in a List" id="8c84fa94-04c1-424b-9868-57a2d4851a1d" />
    <TestList name="All Loaded Results" id="19431567-8539-422a-85d7-44ee4e166bda" />
  </TestLists>
  <ResultSummary outcome="Completed">
    <Counters total="52" executed="52" passed="52" failed="0" error="0" timeout="0" aborted="0" inconclusive="0" passedButRunAborted="0" notRunnable="0" notExecuted="0" disconnected="0" warning="0" completed="0" inProgress="0" pending="0" />
    <Output>
      <StdOut>[xUnit.net 00:00:00.00] xUnit.net VSTest Adapter v2.8.2+699d445a1a (64-bit .NET 9.0.11)
[xUnit.net 00:00:00.24]   Discovering: Abs.FixedAssets.Tests
[xUnit.net 00:00:00.38]   Discovered:  Abs.FixedAssets.Tests
[xUnit.net 00:00:00.39]   Starting:    Abs.FixedAssets.Tests
[xUnit.net 00:00:13.95]   Finished:    Abs.FixedAssets.Tests
</StdOut>
    </Output>
  </ResultSummary>
</TestRun>